// Jest Snapshot v1, https://goo.gl/fbAQLP

exports[`HomeScreen Should home screen match snapshot 1`] = `
<RCTScrollView>
  <View>
    <View
      testID="welcome-view"
    >
      <Text
        className="p-5 font-bold"
      />
    </View>
  </View>
</RCTScrollView>
`;
